input/errors/syntax.ob, line 5: END expected (MODULE)
